Component: ARM Compiler 5.06 update 6 (build 750) Tool: armlink [4d35ed]

==============================================================================

Section Cross References

    main.o(.text) refers to delay.o(.text) for delay_init
    main.o(.text) refers to rtc.o(.text) for My_RTC_Init
    main.o(.text) refers to stm32f4_flash.o(.text) for initEEPROM
    main.o(.text) refers to misc.o(.text) for NVIC_PriorityGroupConfig
    main.o(.text) refers to malloc.o(.text) for mymem_init
    main.o(.text) refers to gpio.o(.text) for gpio_init
    main.o(.text) refers to stm32f4xx_gpio.o(.text) for GPIO_SetBits
    main.o(.text) refers to module_1.o(.text) for initMODULE_1
    main.o(.text) refers to module_2.o(.text) for initMODULE_2
    main.o(.text) refers to stm32f4xx_rtc.o(.text) for RTC_GetTime
    main.o(.text) refers to os_core.o(.text) for OSInit
    main.o(.text) refers to os_sem.o(.text) for OSSemCreate
    main.o(.text) refers to os_task.o(.text) for OSTaskCreate
    main.o(.text) refers to main.o(.bss) for Parameter
    main.o(.text) refers to udp_server.o(.data) for time
    main.o(.text) refers to main.o(.data) for uart3_write
    main.o(.text) refers to udp_server.o(.text) for start_task
    system_stm32f4xx.o(.text) refers to system_stm32f4xx.o(.data) for SystemCoreClock
    command.o(.text) refers to can.o(.text) for command_stop
    command.o(.text) refers to paramaters.o(.text) for write_system_parameters
    command.o(.text) refers to system_stm32f4xx.o(.data) for SystemCoreClock
    command.o(.text) refers to paramaters.o(.bss) for sys_para
    paramaters.o(.text) refers to stm32f4xx_flash.o(.text) for FLASH_Unlock
    timer.o(.text) refers to stm32f4xx_tim.o(.text) for TIM_DeInit
    timer.o(.text) refers to stm32f4xx_rcc.o(.text) for RCC_APB1PeriphClockCmd
    timer.o(.text) refers to misc.o(.text) for NVIC_Init
    rtc.o(.text) refers to stm32f4xx_rtc.o(.text) for RTC_SetTime
    rtc.o(.text) refers to stm32f4xx_rcc.o(.text) for RCC_APB1PeriphClockCmd
    rtc.o(.text) refers to stm32f4xx_pwr.o(.text) for PWR_BackupAccessCmd
    rtc.o(.text) refers to stm32f4xx_exti.o(.text) for EXTI_ClearITPendingBit
    rtc.o(.text) refers to misc.o(.text) for NVIC_Init
    rtc.o(.text) refers to rtc.o(.data) for NVIC_InitStructure
    lan8720.o(.text) refers to stm32f4xx_rcc.o(.text) for RCC_APB2PeriphClockCmd
    lan8720.o(.text) refers to stm32f4xx_gpio.o(.text) for GPIO_Init
    lan8720.o(.text) refers to stm32f4x7_eth.o(.text) for ETH_DeInit
    lan8720.o(.text) refers to misc.o(.text) for NVIC_Init
    lan8720.o(.text) refers to stm32f4xx_syscfg.o(.text) for SYSCFG_ETH_MediaInterfaceConfig
    lan8720.o(.text) refers to delay.o(.text) for delay_ms
    lan8720.o(.text) refers to lwip_comm.o(.text) for lwip_pkt_handle
    lan8720.o(.text) refers to malloc.o(.text) for myfree
    lan8720.o(.text) refers to stm32f4x7_eth.o(.data) for DMARxDescToGet
    lan8720.o(.text) refers to lan8720.o(.data) for DMARxDscrTab
    sram.o(.text) refers to stm32f4xx_rcc.o(.text) for RCC_AHB1PeriphClockCmd
    sram.o(.text) refers to stm32f4xx_gpio.o(.text) for GPIO_PinAFConfig
    sram.o(.text) refers to stm32f4xx_fsmc.o(.text) for FSMC_NORSRAMStructInit
    spi.o(.text) refers to stm32f4xx_spi.o(.text) for SPI_I2S_GetFlagStatus
    spi.o(.text) refers to stm32f4xx_rcc.o(.text) for RCC_AHB1PeriphClockCmd
    spi.o(.text) refers to stm32f4xx_gpio.o(.text) for GPIO_Init
    spi.o(.text) refers to malloc.o(.text) for mymalloc
    spi.o(.text) refers to misc.o(.text) for NVIC_Init
    spi.o(.text) refers to stm32f4xx_dma.o(.text) for DMA_DeInit
    spi.o(.text) refers to os_sem.o(.text) for OSSemPost
    spi.o(.text) refers to spi.o(.data) for BUFFER_DUMP
    spi.o(.text) refers to udp_server.o(.bss) for thread_contex
    gpio.o(.text) refers to stm32f4xx_rcc.o(.text) for RCC_AHB1PeriphClockCmd
    gpio.o(.text) refers to stm32f4xx_gpio.o(.text) for GPIO_Init
    gpio.o(.text) refers to stm32f4xx_syscfg.o(.text) for SYSCFG_EXTILineConfig
    gpio.o(.text) refers to stm32f4xx_exti.o(.text) for EXTI_Init
    gpio.o(.text) refers to misc.o(.text) for NVIC_Init
    gpio.o(.text) refers to os_sem.o(.text) for OSSemPost
    gpio.o(.text) refers to gpio.o(.data) for machine_num
    gpio.o(.text) refers to main.o(.data) for sem_taskT1
    can.o(.text) refers to stm32f4xx_rcc.o(.text) for RCC_AHB1PeriphClockCmd
    can.o(.text) refers to stm32f4xx_gpio.o(.text) for GPIO_Init
    can.o(.text) refers to stm32f4xx_can.o(.text) for CAN_Init
    can.o(.text) refers to misc.o(.text) for NVIC_Init
    can.o(.text) refers to paramaters.o(.text) for write_system_parameters
    can.o(.text) refers to gpio.o(.data) for machine_num
    can.o(.text) refers to paramaters.o(.bss) for sys_para
    stm32f4_flash.o(.text) refers to stm32f4xx_flash.o(.text) for FLASH_Unlock
    stm32f4_flash.o(.text) refers to main.o(.bss) for Parameter
    stm32f4_flash.o(.text) refers to main.o(.data) for config
[...]
    analysis_uart_6_buf                      0x0800ab2b   Thumb Code   100  udp_server.o(.text)
    update_reset_statue                      0x0800ab8f   Thumb Code   144  udp_server.o(.text)
    Led_time_task                            0x0800ac1f   Thumb Code   142  udp_server.o(.text)
    Send_Delay                               0x0800acad   Thumb Code    18  udp_server.o(.text)
    Send_TXDBUF_task                         0x0800acbf   Thumb Code   450  udp_server.o(.text)
    start_task                               0x0800ae81   Thumb Code   122  udp_server.o(.text)
    etharp_tmr                               0x0800afb9   Thumb Code   144  etharp.o(.text)
    etharp_cleanup_netif                     0x0800b497   Thumb Code    52  etharp.o(.text)
    etharp_find_addr                         0x0800b4cb   Thumb Code   110  etharp.o(.text)
    etharp_request                           0x0800b7ab   Thumb Code    40  etharp.o(.text)
    etharp_query                             0x0800b861   Thumb Code   646  etharp.o(.text)
    etharp_output                            0x0800bae7   Thumb Code   392  etharp.o(.text)
    ethernet_input                           0x0800bc6f   Thumb Code   204  etharp.o(.text)
    ethernetif_input                         0x0800bf07   Thumb Code    48  ethernetif.o(.text)
    ethernetif_init                          0x0800bf37   Thumb Code    56  ethernetif.o(.text)
    icmp_input                               0x0800bff5   Thumb Code   492  icmp.o(.text)
    icmp_dest_unreach                        0x0800c281   Thumb Code    18  icmp.o(.text)
    icmp_time_exceeded                       0x0800c293   Thumb Code    18  icmp.o(.text)
    inet_chksum_pseudo                       0x0800c477   Thumb Code   170  inet_chksum.o(.text)
    inet_chksum_pseudo_partial               0x0800c521   Thumb Code   218  inet_chksum.o(.text)
    inet_chksum                              0x0800c5fb   Thumb Code    20  inet_chksum.o(.text)
    inet_chksum_pbuf                         0x0800c60f   Thumb Code    86  inet_chksum.o(.text)
    ip_route                                 0x0800c6cd   Thumb Code    80  ip.o(.text)
    ip_input                                 0x0800c71d   Thumb Code   484  ip.o(.text)
    ip_output_if                             0x0800c901   Thumb Code   252  ip.o(.text)
    ip_output                                0x0800c9fd   Thumb Code    84  ip.o(.text)
    ip4_addr_isbroadcast                     0x0800cafd   Thumb Code    78  ip_addr.o(.text)
    ip4_addr_netmask_valid                   0x0800cb4b   Thumb Code    56  ip_addr.o(.text)
    ipaddr_aton                              0x0800cb83   Thumb Code   364  ip_addr.o(.text)
    ipaddr_addr                              0x0800ccef   Thumb Code    24  ip_addr.o(.text)
    ipaddr_ntoa_r                            0x0800cd07   Thumb Code   168  ip_addr.o(.text)
    ipaddr_ntoa                              0x0800cdaf   Thumb Code    16  ip_addr.o(.text)
    ip_reass_tmr                             0x0800cf79   Thumb Code    56  ip_frag.o(.text)
    ip_reass                                 0x0800d3b5   Thumb Code   410  ip_frag.o(.text)
    ip_frag                                  0x0800d5d5   Thumb Code   630  ip_frag.o(.text)
    lwip_htons                               0x0800d851   Thumb Code    12  def.o(.text)
    lwip_ntohs                               0x0800d85d   Thumb Code    12  def.o(.text)
    lwip_htonl                               0x0800d869   Thumb Code    26  def.o(.text)
    lwip_ntohl                               0x0800d883   Thumb Code    12  def.o(.text)
    dhcp_renew                               0x0800e16d   Thumb Code   150  dhcp.o(.text)
    dhcp_coarse_tmr                          0x0800e339   Thumb Code    74  dhcp.o(.text)
    dhcp_release                             0x0800e437   Thumb Code   178  dhcp.o(.text)
    dhcp_fine_tmr                            0x0800e6dd   Thumb Code   132  dhcp.o(.text)
    dhcp_set_struct                          0x0800e7d1   Thumb Code   106  dhcp.o(.text)
    dhcp_cleanup                             0x0800e83b   Thumb Code    48  dhcp.o(.text)
    dhcp_stop                                0x0800e86b   Thumb Code   112  dhcp.o(.text)
    dhcp_start                               0x0800ef39   Thumb Code   438  dhcp.o(.text)
    dhcp_inform                              0x0800f0ef   Thumb Code   210  dhcp.o(.text)
    dhcp_network_changed                     0x0800f1c1   Thumb Code    80  dhcp.o(.text)
    dhcp_arp_reply                           0x0800f29f   Thumb Code    80  dhcp.o(.text)
    lwip_init                                0x0800f2fd   Thumb Code    36  init.o(.text)
    memp_get_memorysize                      0x0800f321   Thumb Code     8  memp.o(.text)
    memp_init                                0x0800f329   Thumb Code    86  memp.o(.text)
    memp_malloc                              0x0800f37f   Thumb Code   104  memp.o(.text)
    memp_free                                0x0800f3e7   Thumb Code    74  memp.o(.text)
    netif_init                               0x0800f4f5   Thumb Code     2  netif.o(.text)
    netif_set_gw                             0x0800f4f7   Thumb Code    16  netif.o(.text)
    netif_set_netmask                        0x0800f507   Thumb Code    16  netif.o(.text)
    netif_set_ipaddr                         0x0800f517   Thumb Code   124  netif.o(.text)
    netif_set_addr                           0x0800f593   Thumb Code    40  netif.o(.text)
    netif_add                                0x0800f5bb   Thumb Code   148  netif.o(.text)
    netif_set_default                        0x0800f64f   Thumb Code    10  netif.o(.text)
    netif_set_down                           0x0800f659   Thumb Code    42  netif.o(.text)
    netif_remove                             0x0800f683   Thumb Code    94  netif.o(.text)
    netif_find                               0x0800f6e1   Thumb Code    72  netif.o(.text)
    netif_set_up                             0x0800f729   Thumb Code    54  netif.o(.text)
    netif_set_link_up                        0x0800f75f   Thumb Code    66  netif.o(.text)
    netif_set_link_down                      0x0800f7a1   Thumb Code    24  netif.o(.text)
    pbuf_free                                0x0800f835   Thumb Code   272  pbuf.o(.text)
    pbuf_alloc                               0x0800f945   Thumb Code   652  pbuf.o(.text)
    pbuf_alloced_custom                      0x0800fbd1   Thumb Code   656  pbuf.o(.text)
    pbuf_realloc                             0x0800fe61   Thumb Code   268  pbuf.o(.text)
    pbuf_header                              0x0800ff6d   Thumb Code   214  pbuf.o(.text)
    pbuf_clen                                0x08010043   Thumb Code    18  pbuf.o(.text)
    pbuf_ref                                 0x08010055   Thumb Code    26  pbuf.o(.text)
    pbuf_cat                                 0x0801006f   Thumb Code   138  pbuf.o(.text)
    pbuf_chain                               0x080100f9   Thumb Code    26  pbuf.o(.text)
    pbuf_dechain                             0x08010113   Thumb Code   132  pbuf.o(.text)
    pbuf_copy                                0x08010197   Thumb Code   790  pbuf.o(.text)
    pbuf_copy_partial                        0x080104ad   Thumb Code   190  pbuf.o(.text)
    pbuf_take                                0x0801056b   Thumb Code   210  pbuf.o(.text)
    pbuf_coalesce                            0x0801063d   Thumb Code    84  pbuf.o(.text)
    pbuf_get_at                              0x08010691   Thumb Code    46  pbuf.o(.text)
    pbuf_memcmp                              0x080106bf   Thumb Code    96  pbuf.o(.text)
    pbuf_memfind                             0x0801071f   Thumb Code    76  pbuf.o(.text)
    pbuf_strstr                              0x0801076b   Thumb Code    60  pbuf.o(.text)
    raw_input                                0x080108d5   Thumb Code   102  raw.o(.text)
    raw_bind                                 0x0801093b   Thumb Code    16  raw.o(.text)
    raw_connect                              0x0801094b   Thumb Code    16  raw.o(.text)
    raw_recv                                 0x0801095b   Thumb Code     6  raw.o(.text)
    raw_sendto                               0x08010961   Thumb Code   190  raw.o(.text)
    raw_send                                 0x08010a1f   Thumb Code    18  raw.o(.text)
    raw_remove                               0x08010a31   Thumb Code    60  raw.o(.text)
    raw_new                                  0x08010a6d   Thumb Code    46  raw.o(.text)
    tcp_init                                 0x08010b21   Thumb Code     2  tcp.o(.text)
    tcp_seg_free                             0x08010b23   Thumb Code    26  tcp.o(.text)
    tcp_segs_free                            0x08010b3d   Thumb Code    24  tcp.o(.text)
    tcp_pcb_purge                            0x08010b55   Thumb Code    88  tcp.o(.text)
    tcp_slowtmr                              0x08010bad   Thumb Code  1436  tcp.o(.text)
    tcp_pcb_remove                           0x08011149   Thumb Code   192  tcp.o(.text)
    tcp_close                                0x080113d5   Thumb Code    28  tcp.o(.text)
    tcp_update_rcv_ann_wnd                   0x080113f1   Thumb Code   106  tcp.o(.text)
    tcp_recved                               0x0801145b   Thumb Code   392  tcp.o(.text)
    tcp_recv_null                            0x080115e3   Thumb Code    46  tcp.o(.text)
    tcp_process_refused_data                 0x08011611   Thumb Code   148  tcp.o(.text)
    tcp_fasttmr                              0x080116a5   Thumb Code   114  tcp.o(.text)
    tcp_tmr                                  0x08011717   Thumb Code    30  tcp.o(.text)
    tcp_shutdown                             0x08011735   Thumb Code    98  tcp.o(.text)
    tcp_abandon                              0x08011797   Thumb Code   168  tcp.o(.text)
    tcp_abort                                0x0801183f   Thumb Code    14  tcp.o(.text)
    tcp_bind                                 0x080118ad   Thumb Code   170  tcp.o(.text)
    tcp_listen_with_backlog                  0x0801195f   Thumb Code   420  tcp.o(.text)
    tcp_eff_send_mss                         0x08011b03   Thumb Code    46  tcp.o(.text)
    tcp_next_iss                             0x08011b31   Thumb Code    20  tcp.o(.text)
    tcp_connect                              0x08011b45   Thumb Code   352  tcp.o(.text)
    tcp_setprio                              0x08011ca5   Thumb Code     4  tcp.o(.text)
    tcp_alloc                                0x08011d2f   Thumb Code   182  tcp.o(.text)
    tcp_new                                  0x08011de5   Thumb Code    10  tcp.o(.text)
    tcp_arg                                  0x08011def   Thumb Code     4  tcp.o(.text)
    tcp_recv                                 0x08011df3   Thumb Code    42  tcp.o(.text)
    tcp_sent                                 0x08011e1d   Thumb Code    42  tcp.o(.text)
    tcp_err                                  0x08011e47   Thumb Code   258  tcp.o(.text)
    tcp_accept                               0x08011f49   Thumb Code     4  tcp.o(.text)
    tcp_poll                                 0x08011f4d   Thumb Code    50  tcp.o(.text)
    tcp_debug_state_str                      0x08011f7f   Thumb Code    10  tcp.o(.text)
    tcp_input                                0x08013177   Thumb Code  1674  tcp_in.o(.text)
    tcp_enqueue_flags                        0x08013971   Thumb Code   418  tcp_out.o(.text)
    tcp_send_fin                             0x08013b13   Thumb Code    74  tcp_out.o(.text)
    tcp_write                                0x08013df7   Thumb Code  1744  tcp_out.o(.text)
    tcp_send_empty_ack                       0x080144c7   Thumb Code    86  tcp_out.o(.text)
    tcp_output                               0x080145ef   Thumb Code   710  tcp_out.o(.text)
    tcp_rst                                  0x080148b5   Thumb Code   162  tcp_out.o(.text)
    tcp_rexmit_rto                           0x08014957   Thumb Code    58  tcp_out.o(.text)
    tcp_rexmit                               0x08014991   Thumb Code    90  tcp_out.o(.text)
    tcp_rexmit_fast                          0x080149eb   Thumb Code   120  tcp_out.o(.text)
    tcp_keepalive                            0x08014a63   Thumb Code    84  tcp_out.o(.text)
    tcp_zero_window_probe                    0x08014ab7   Thumb Code   180  tcp_out.o(.text)
    sys_timeout                              0x08014b6d   Thumb Code   174  timers.o(.text)
    tcp_timer_needed                         0x08014c43   Thumb Code    38  timers.o(.text)
    sys_timeouts_init                        0x08014cd1   Thumb Code    52  timers.o(.text)
    sys_untimeout                            0x08014d05   Thumb Code    90  timers.o(.text)
    sys_timeouts_mbox_fetch                  0x08014d5f   Thumb Code   132  timers.o(.text)
    udp_init                                 0x08014e9d   Thumb Code     2  udp.o(.text)
    udp_input                                0x08014eef   Thumb Code   512  udp.o(.text)
    udp_bind                                 0x080150ef   Thumb Code   170  udp.o(.text)
    udp_sendto_if                            0x08015199   Thumb Code   460  udp.o(.text)
    udp_sendto                               0x08015365   Thumb Code    54  udp.o(.text)
    udp_send                                 0x0801539b   Thumb Code    20  udp.o(.text)
    udp_connect                              0x080153af   Thumb Code    98  udp.o(.text)
    udp_disconnect                           0x08015411   Thumb Code    16  udp.o(.text)
    udp_recv                                 0x08015421   Thumb Code     6  udp.o(.text)
    udp_remove                               0x08015427   Thumb Code    60  udp.o(.text)
    udp_new                                  0x08015463   Thumb Code    28  udp.o(.text)
    mem_init                                 0x0801555f   Thumb Code   114  mem.o(.text)
    mem_free                                 0x080155d1   Thumb Code   182  mem.o(.text)
    mem_trim                                 0x08015687   Thumb Code   338  mem.o(.text)
    mem_malloc                               0x080157d9   Thumb Code   796  mem.o(.text)
    mem_calloc                               0x08015af5   Thumb Code    34  mem.o(.text)
    sys_mbox_new                             0x08015bc9   Thumb Code   108  sys_arch.o(.text)
    sys_mbox_free                            0x08015c35   Thumb Code    56  sys_arch.o(.text)
    sys_mbox_post                            0x08015c6d   Thumb Code    28  sys_arch.o(.text)
    sys_mbox_trypost                         0x08015c89   Thumb Code    32  sys_arch.o(.text)
    sys_arch_mbox_fetch                      0x08015ca9   Thumb Code   158  sys_arch.o(.text)
    sys_arch_mbox_tryfetch                   0x08015d47   Thumb Code    18  sys_arch.o(.text)
    sys_mbox_valid                           0x08015d59   Thumb Code    56  sys_arch.o(.text)
    sys_mbox_set_invalid                     0x08015d91   Thumb Code     6  sys_arch.o(.text)
    sys_sem_new                              0x08015d97   Thumb Code    62  sys_arch.o(.text)
    sys_arch_sem_wait                        0x08015dd5   Thumb Code   100  sys_arch.o(.text)
    sys_sem_signal                           0x08015e39   Thumb Code    12  sys_arch.o(.text)
    sys_sem_free                             0x08015e45   Thumb Code    52  sys_arch.o(.text)
    sys_sem_valid                            0x08015e79   Thumb Code    22  sys_arch.o(.text)
    sys_sem_set_invalid                      0x08015e8f   Thumb Code     6  sys_arch.o(.text)
    sys_init                                 0x08015e95   Thumb Code     2  sys_arch.o(.text)
    sys_thread_new                           0x08015e97   Thumb Code    66  sys_arch.o(.text)
    sys_msleep                               0x08015ed9   Thumb Code    12  sys_arch.o(.text)
    sys_now                                  0x08015ee5   Thumb Code    28  sys_arch.o(.text)
    netconn_new_with_proto_and_callback      0x08015fa5   Thumb Code   194  api_lib.o(.text)
    netconn_delete                           0x08016067   Thumb Code    36  api_lib.o(.text)
    netconn_getaddr                          0x0801608b   Thumb Code   160  api_lib.o(.text)
    netconn_bind                             0x0801612b   Thumb Code    98  api_lib.o(.text)
    netconn_connect                          0x0801618d   Thumb Code    98  api_lib.o(.text)
    netconn_disconnect                       0x080161ef   Thumb Code    84  api_lib.o(.text)
    netconn_listen_with_backlog              0x08016243   Thumb Code    86  api_lib.o(.text)
    netconn_accept                           0x08016299   Thumb Code   808  api_lib.o(.text)
    netconn_recv_tcp_pbuf                    0x08016737   Thumb Code    56  api_lib.o(.text)
    netconn_recv                             0x0801676f   Thumb Code   270  api_lib.o(.text)
    netconn_recved                           0x0801687d   Thumb Code    46  api_lib.o(.text)
    netconn_send                             0x080168ab   Thumb Code    98  api_lib.o(.text)
    netconn_sendto                           0x0801690d   Thumb Code    44  api_lib.o(.text)
    netconn_write_partly                     0x08016939   Thumb Code   434  api_lib.o(.text)
    netconn_close                            0x08016b4b   Thumb Code    14  api_lib.o(.text)
    netconn_shutdown                         0x08016b59   Thumb Code    36  api_lib.o(.text)
    netconn_free                             0x0801757b   Thumb Code   330  api_msg.o(.text)
    netconn_alloc                            0x080176c5   Thumb Code   174  api_msg.o(.text)
    do_newconn                               0x080178d5   Thumb Code    32  api_msg.o(.text)
    do_delconn                               0x080179c1   Thumb Code   636  api_msg.o(.text)
    do_bind                                  0x08017c3d   Thumb Code   116  api_msg.o(.text)
    do_connect                               0x08017d85   Thumb Code   230  api_msg.o(.text)
    do_disconnect                            0x08017e6b   Thumb Code    46  api_msg.o(.text)
    do_listen                                0x08017e99   Thumb Code   388  api_msg.o(.text)
    do_send                                  0x0801801d   Thumb Code   166  api_msg.o(.text)
    do_recv                                  0x080180c3   Thumb Code    72  api_msg.o(.text)
    do_write                                 0x0801810b   Thumb Code   166  api_msg.o(.text)
    do_getaddr                               0x080181b1   Thumb Code   198  api_msg.o(.text)
    do_close                                 0x08018277   Thumb Code   184  api_msg.o(.text)
    netbuf_new                               0x08018361   Thumb Code    30  netbuf.o(.text)
    netbuf_delete                            0x0801837f   Thumb Code    32  netbuf.o(.text)
    netbuf_alloc                             0x0801839f   Thumb Code   102  netbuf.o(.text)
    netbuf_free                              0x08018405   Thumb Code    48  netbuf.o(.text)
    netbuf_ref                               0x08018435   Thumb Code    92  netbuf.o(.text)
    netbuf_chain                             0x08018491   Thumb Code    78  netbuf.o(.text)
    netbuf_data                              0x080184df   Thumb Code   122  netbuf.o(.text)
    netbuf_next                              0x08018559   Thumb Code    64  netbuf.o(.text)
    netbuf_first                             0x08018599   Thumb Code    36  netbuf.o(.text)
    lwip_socket_init                         0x08018711   Thumb Code     2  sockets.o(.text)
    lwip_accept                              0x080189bd   Thumb Code   668  sockets.o(.text)
    lwip_bind                                0x08018c59   Thumb Code   186  sockets.o(.text)
    lwip_close                               0x08018d13   Thumb Code    94  sockets.o(.text)
    lwip_connect                             0x08018d71   Thumb Code   206  sockets.o(.text)
    lwip_listen                              0x08018e3f   Thumb Code   136  sockets.o(.text)
    lwip_recvfrom                            0x08018ec7   Thumb Code   816  sockets.o(.text)
    lwip_read                                0x080191f7   Thumb Code    28  sockets.o(.text)
    lwip_recv                                0x08019213   Thumb Code    34  sockets.o(.text)
    lwip_sendto                              0x08019235   Thumb Code   278  sockets.o(.text)
    lwip_send                                0x0801934b   Thumb Code   156  sockets.o(.text)
    lwip_socket                              0x080193e7   Thumb Code   296  sockets.o(.text)
    lwip_write                               0x0801950f   Thumb Code    22  sockets.o(.text)
    lwip_select                              0x080196a1   Thumb Code   868  sockets.o(.text)
    lwip_shutdown                            0x08019a05   Thumb Code   298  sockets.o(.text)
    lwip_getpeername                         0x08019bb1   Thumb Code    22  sockets.o(.text)
    lwip_getsockname                         0x08019bc7   Thumb Code    22  sockets.o(.text)
    lwip_getsockopt                          0x08019dd9   Thumb Code   410  sockets.o(.text)
    lwip_setsockopt                          0x0801a129   Thumb Code   318  sockets.o(.text)
    lwip_ioctl                               0x0801a267   Thumb Code   116  sockets.o(.text)
    lwip_fcntl                               0x0801a2db   Thumb Code   142  sockets.o(.text)
    tcpip_input                              0x0801a44f   Thumb Code    72  tcpip.o(.text)
    tcpip_callback_with_block                0x0801a497   Thumb Code    90  tcpip.o(.text)
    tcpip_timeout                            0x0801a4f1   Thumb Code    64  tcpip.o(.text)
    tcpip_untimeout                          0x0801a531   Thumb Code    56  tcpip.o(.text)
    tcpip_apimsg                             0x0801a569   Thumb Code    60  tcpip.o(.text)
    tcpip_callbackmsg_new                    0x0801a5a5   Thumb Code    32  tcpip.o(.text)
    tcpip_callbackmsg_delete                 0x0801a5c5   Thumb Code    14  tcpip.o(.text)
    tcpip_trycallback                        0x0801a5d3   Thumb Code    28  tcpip.o(.text)
    tcpip_init                               0x0801a5ef   Thumb Code    72  tcpip.o(.text)
    pbuf_free_callback                       0x0801a645   Thumb Code    16  tcpip.o(.text)
    mem_free_callback                        0x0801a655   Thumb Code    16  tcpip.o(.text)
    OS_StrLen                                0x0801a721   Thumb Code    20  os_core.o(.text)
    OSEventNameGet                           0x0801a735   Thumb Code    98  os_core.o(.text)
    OSEventNameSet                           0x0801a797   Thumb Code    84  os_core.o(.text)
    OS_TaskStatStkChk                        0x0801a7eb   Thumb Code    54  os_core.o(.text)
    OS_TaskStat                              0x0801a821   Thumb Code   116  os_core.o(.text)
    OS_TaskIdle                              0x0801a8c9   Thumb Code    34  os_core.o(.text)
    OS_MemClr                                0x0801a91f   Thumb Code    18  os_core.o(.text)
    OSInit                                   0x0801aa47   Thumb Code    52  os_core.o(.text)
    OSIntEnter                               0x0801aa7b   Thumb Code    28  os_core.o(.text)
    OSIntExit                                0x0801aab1   Thumb Code   260  os_core.o(.text)
    OSSchedLock                              0x0801abb5   Thumb Code    50  os_core.o(.text)
    OS_Sched                                 0x0801abe7   Thumb Code    88  os_core.o(.text)
    OSSchedUnlock                            0x0801ac3f   Thumb Code    82  os_core.o(.text)
    OSStart                                  0x0801ac91   Thumb Code    48  os_core.o(.text)
    OSStatInit                               0x0801acc1   Thumb Code    62  os_core.o(.text)
    OSTimeTick                               0x0801acff   Thumb Code   210  os_core.o(.text)
    OSVersion                                0x0801add1   Thumb Code     6  os_core.o(.text)
    OS_Dummy                                 0x0801add7   Thumb Code     2  os_core.o(.text)
    OS_EventTaskRemove                       0x0801add9   Thumb Code    42  os_core.o(.text)
    OS_EventTaskRdy                          0x0801ae03   Thumb Code   114  os_core.o(.text)
    OS_EventTaskWait                         0x0801ae75   Thumb Code   112  os_core.o(.text)
    OS_EventWaitListInit                     0x0801aee5   Thumb Code    28  os_core.o(.text)
    OS_MemCopy                               0x0801af01   Thumb Code    20  os_core.o(.text)
    OS_TCBInit                               0x0801af15   Thumb Code   360  os_core.o(.text)
    OSFlagAccept                             0x0801b091   Thumb Code   252  os_flag.o(.text)
    OSFlagCreate                             0x0801b18d   Thumb Code    86  os_flag.o(.text)
    OS_FlagUnlink                            0x0801b1e3   Thumb Code    36  os_flag.o(.text)
    OSFlagDel                                0x0801b259   Thumb Code   214  os_flag.o(.text)
    OSFlagNameGet                            0x0801b32f   Thumb Code    80  os_flag.o(.text)
    OSFlagNameSet                            0x0801b37f   Thumb Code    66  os_flag.o(.text)
    OSFlagPend                               0x0801b459   Thumb Code   614  os_flag.o(.text)
    OSFlagPendGetFlagsRdy                    0x0801b6bf   Thumb Code    26  os_flag.o(.text)
    OSFlagPost                               0x0801b6d9   Thumb Code   312  os_flag.o(.text)
    OSFlagQuery                              0x0801b811   Thumb Code    48  os_flag.o(.text)
    OS_FlagInit                              0x0801b841   Thumb Code    78  os_flag.o(.text)
    OSMemCreate                              0x0801b89d   Thumb Code   118  os_mem.o(.text)
    OSMemGet                                 0x0801b913   Thumb Code    62  os_mem.o(.text)
    OSMemNameGet                             0x0801b951   Thumb Code    60  os_mem.o(.text)
    OSMemNameSet                             0x0801b98d   Thumb Code    48  os_mem.o(.text)
    OSMemPut                                 0x0801b9bd   Thumb Code    54  os_mem.o(.text)
    OSMemQuery                               0x0801b9f3   Thumb Code    52  os_mem.o(.text)
    OS_MemInit                               0x0801ba27   Thumb Code    74  os_mem.o(.text)
    OSQAccept                                0x0801ba81   Thumb Code    88  os_q.o(.text)
    OSQCreate                                0x0801bad9   Thumb Code   144  os_q.o(.text)
    OSQDel                                   0x0801bb69   Thumb Code   244  os_q.o(.text)
    OSQFlush                                 0x0801bc5d   Thumb Code    36  os_q.o(.text)
    OSQPend                                  0x0801bc81   Thumb Code   272  os_q.o(.text)
    OSQPendAbort                             0x0801bd91   Thumb Code   128  os_q.o(.text)
    OSQPost                                  0x0801be11   Thumb Code   114  os_q.o(.text)
    OSQPostFront                             0x0801be83   Thumb Code   140  os_q.o(.text)
    OSQPostOpt                               0x0801bf0f   Thumb Code   182  os_q.o(.text)
    OSQQuery                                 0x0801bfc5   Thumb Code    98  os_q.o(.text)
    OS_QInit                                 0x0801c027   Thumb Code    74  os_q.o(.text)
    OSSemAccept                              0x0801c079   Thumb Code    42  os_sem.o(.text)
    OSSemCreate                              0x0801c0a3   Thumb Code    72  os_sem.o(.text)
    OSSemDel                                 0x0801c0eb   Thumb Code   230  os_sem.o(.text)
    OSSemPend                                0x0801c1d1   Thumb Code   222  os_sem.o(.text)
    OSSemPendAbort                           0x0801c2af   Thumb Code   128  os_sem.o(.text)
    OSSemPost                                0x0801c32f   Thumb Code    88  os_sem.o(.text)
    OSSemQuery                               0x0801c387   Thumb Code    76  os_sem.o(.text)
    OSSemSet                                 0x0801c3d3   Thumb Code    66  os_sem.o(.text)
    OSTaskChangePrio                         0x0801c455   Thumb Code   308  os_task.o(.text)
    OSTaskCreate                             0x0801c589   Thumb Code   148  os_task.o(.text)
    OS_TaskStkClr                            0x0801c61d   Thumb Code    26  os_task.o(.text)
    OSTaskCreateExt                          0x0801c637   Thumb Code   170  os_task.o(.text)
    OSTaskDel                                0x0801c6e1   Thumb Code   294  os_task.o(.text)
    OSTaskDelReq                             0x0801c807   Thumb Code   144  os_task.o(.text)
    OSTaskNameGet                            0x0801c897   Thumb Code   114  os_task.o(.text)
    OSTaskNameSet                            0x0801c909   Thumb Code    98  os_task.o(.text)
    OSTaskResume                             0x0801c96b   Thumb Code   154  os_task.o(.text)
    OSTaskStkChk                             0x0801ca05   Thumb Code   132  os_task.o(.text)
    OSTaskSuspend                            0x0801ca89   Thumb Code   152  os_task.o(.text)
    OSTaskQuery                              0x0801cb21   Thumb Code    82  os_task.o(.text)
    OSTaskRegGet                             0x0801cb73   Thumb Code    60  os_task.o(.text)
    OSTaskRegSet                             0x0801cbaf   Thumb Code    62  os_task.o(.text)
    OS_TaskReturn                            0x0801cbed   Thumb Code    18  os_task.o(.text)
    OSTimeDly                                0x0801cc19   Thumb Code   100  os_time.o(.text)
    OSTimeDlyHMSM                            0x0801cc7d   Thumb Code    86  os_time.o(.text)
    OSTimeDlyResume                          0x0801ccd3   Thumb Code   168  os_time.o(.text)
    OSTimeGet                                0x0801cd7b   Thumb Code    24  os_time.o(.text)
    OSTimeSet                                0x0801cd93   Thumb Code    24  os_time.o(.text)
    OSTmrCreate                              0x0801cdfb   Thumb Code    96  os_tmr.o(.text)
    OSTmrDel                                 0x0801ced3   Thumb Code   124  os_tmr.o(.text)
    OSTmrNameGet                             0x0801cf4f   Thumb Code   114  os_tmr.o(.text)
    OSTmrRemainGet                           0x0801cfc1   Thumb Code   164  os_tmr.o(.text)
    OSTmrStateGet                            0x0801d065   Thumb Code    86  os_tmr.o(.text)
    OSTmrStart                               0x0801d11f   Thumb Code   128  os_tmr.o(.text)
    OSTmrStop                                0x0801d19f   Thumb Code   210  os_tmr.o(.text)
    OSTmrSignal                              0x0801d271   Thumb Code    16  os_tmr.o(.text)
    OSTmr_Init                               0x0801d325   Thumb Code   172  os_tmr.o(.text)
    OSInitHookBegin                          0x0801d439   Thumb Code     8  os_cpu_c.o(.text)
    OSInitHookEnd                            0x0801d441   Thumb Code     2  os_cpu_c.o(.text)
    OSTaskCreateHook                         0x0801d443   Thumb Code     2  os_cpu_c.o(.text)
    OSTaskDelHook                            0x0801d445   Thumb Code     2  os_cpu_c.o(.text)
    OSTaskIdleHook                           0x0801d447   Thumb Code     2  os_cpu_c.o(.text)
    OSTaskStatHook                           0x0801d449   Thumb Code     2  os_cpu_c.o(.text)
    OSTaskStkInit                            0x0801d44b   Thumb Code   426  os_cpu_c.o(.text)
    OSTaskSwHook                             0x0801d5f5   Thumb Code     2  os_cpu_c.o(.text)
    OSTCBInitHook                            0x0801d5f7   Thumb Code     2  os_cpu_c.o(.text)
    OSTimeTickHook                           0x0801d5f9   Thumb Code    30  os_cpu_c.o(.text)
    OSTaskReturnHook                         0x0801d617   Thumb Code     2  os_cpu_c.o(.text)
    OS_CPU_SR_Save                           0x0801d621   Thumb Code     0  os_cpu_a.o(.text)
    OS_CPU_SR_Restore                        0x0801d629   Thumb Code     0  os_cpu_a.o(.text)
    OSStartHighRdy                           0x0801d62f   Thumb Code     0  os_cpu_a.o(.text)
    OSCtxSw                                  0x0801d653   Thumb Code     0  os_cpu_a.o(.text)
    OSIntCtxSw                               0x0801d661   Thumb Code     0  os_cpu_a.o(.text)
    PendSV_Handler                           0x0801d671   Thumb Code     0  os_cpu_a.o(.text)
    mymemcpy                                 0x0801d6e9   Thumb Code    26  malloc.o(.text)
    mymemset                                 0x0801d703   Thumb Code    20  malloc.o(.text)
    mymem_init                               0x0801d717   Thumb Code    54  malloc.o(.text)
    mem_perused                              0x0801d74d   Thumb Code    54  malloc.o(.text)
    mymem_malloc                             0x0801d783   Thumb Code   162  malloc.o(.text)
    mymem_free                               0x0801d825   Thumb Code    94  malloc.o(.text)
    myfree                                   0x0801d883   Thumb Code    32  malloc.o(.text)
    mymalloc                                 0x0801d8a3   Thumb Code    36  malloc.o(.text)
    myrealloc                                0x0801d8c7   Thumb Code    68  malloc.o(.text)
    __use_no_semihosting                     0x0801d91d   Thumb Code     2  use_no_semi_2.o(.text)
    __rt_ctype_table                         0x0801d921   Thumb Code    16  rt_ctype_table.o(.text)
    __2printf                                0x0801d931   Thumb Code    20  noretval__2printf.o(.text)
    _printf_pre_padding                      0x0801d949   Thumb Code    44  _printf_pad.o(.text)
    _printf_post_padding                     0x0801d975   Thumb Code    34  _printf_pad.o(.text)
    _printf_str                              0x0801d997   Thumb Code    82  _printf_str.o(.text)
    _printf_int_dec                          0x0801d9e9   Thumb Code   104  _printf_dec.o(.text)
    _printf_int_hex                          0x0801da61   Thumb Code    84  _printf_hex_int.o(.text)
    _printf_longlong_hex                     0x0801da61   Thumb Code     0  _printf_hex_int.o(.text)
    __printf                                 0x0801dab9   Thumb Code   388  __printf_flags_ss_wp.o(.text)
    atoi                                     0x0801dc41   Thumb Code    26  atoi.o(.text)
    memcmp                                   0x0801dc5b   Thumb Code    88  memcmp.o(.text)
    strcpy                                   0x0801dcb3   Thumb Code    72  strcpy.o(.text)
    strlen                                   0x0801dcfb   Thumb Code    62  strlen.o(.text)
    __aeabi_memcpy                           0x0801dd39   Thumb Code     0  rt_memcpy_v6.o(.text)
    __rt_memcpy                              0x0801dd39   Thumb Code   138  rt_memcpy_v6.o(.text)
    _memcpy_lastbytes                        0x0801dd9f   Thumb Code     0  rt_memcpy_v6.o(.text)
    __aeabi_memclr                           0x0801ddc3   Thumb Code     0  rt_memclr.o(.text)
    __rt_memclr                              0x0801ddc3   Thumb Code    68  rt_memclr.o(.text)
    _memset                                  0x0801ddc7   Thumb Code     0  rt_memclr.o(.text)
    __aeabi_memclr4                          0x0801de07   Thumb Code     0  rt_memclr_w.o(.text)
    __aeabi_memclr8                          0x0801de07   Thumb Code     0  rt_memclr_w.o(.text)
    __rt_memclr_w                            0x0801de07   Thumb Code    78  rt_memclr_w.o(.text)
    _memset_w                                0x0801de0b   Thumb Code     0  rt_memclr_w.o(.text)
    strcmp                                   0x0801de55   Thumb Code   128  strcmpv7m.o(.text)
    __use_two_region_memory                  0x0801ded5   Thumb Code     2  heapauxi.o(.text)
    __rt_heap_escrow$2region                 0x0801ded7   Thumb Code     2  heapauxi.o(.text)
    __rt_heap_expand$2region                 0x0801ded9   Thumb Code     2  heapauxi.o(.text)
    __I$use$semihosting                      0x0801dedb   Thumb Code     0  use_no_semi.o(.text)
    __use_no_semihosting_swi                 0x0801dedb   Thumb Code     2  use_no_semi.o(.text)
    __rt_locale                              0x0801dedd   Thumb Code     8  rt_locale_intlibspace.o(.text)
    __aeabi_errno_addr                       0x0801dee5   Thumb Code     8  rt_errno_addr_intlibspace.o(.text)
    __errno$intlibspace                      0x0801dee5   Thumb Code     0  rt_errno_addr_intlibspace.o(.text)
    __rt_errno_addr$intlibspace              0x0801dee5   Thumb Code     0  rt_errno_addr_intlibspace.o(.text)
    _printf_int_common                       0x0801deed   Thumb Code   178  _printf_intcommon.o(.text)
    _printf_cs_common                        0x0801df9f   Thumb Code    20  _printf_char.o(.text)
    _printf_char                             0x0801dfb3   Thumb Code    16  _printf_char.o(.text)
    _printf_string                           0x0801dfc3   Thumb Code     8  _printf_char.o(.text)
    _printf_char_file                        0x0801dfcd   Thumb Code    32  _printf_char_file.o(.text)
    strtol                                   0x0801dff1   Thumb Code   112  strtol.o(.text)
    __aeabi_memcpy4                          0x0801e061   Thumb Code     0  rt_memcpy_w.o(.text)
    __aeabi_memcpy8                          0x0801e061   Thumb Code     0  rt_memcpy_w.o(.text)
    __rt_memcpy_w                            0x0801e061   Thumb Code   100  rt_memcpy_w.o(.text)
    _memcpy_lastbytes_aligned                0x0801e0a9   Thumb Code     0  rt_memcpy_w.o(.text)
    __user_libspace                          0x0801e0c5   Thumb Code     8  libspace.o(.text)
    __user_perproc_libspace                  0x0801e0c5   Thumb Code     0  libspace.o(.text)
    __user_perthread_libspace                0x0801e0c5   Thumb Code     0  libspace.o(.text)
    _printf_char_common                      0x0801e0d7   Thumb Code    32  _printf_char_common.o(.text)
    _strtoul                                 0x0801e0fd   Thumb Code   158  _strtoul.o(.text)
    ferror                                   0x0801e19b   Thumb Code     8  ferror.o(.text)
    __user_setup_stackheap                   0x0801e1a3   Thumb Code    74  sys_stackheap_outer.o(.text)
    _chval                                   0x0801e1ed   Thumb Code    28  _chval.o(.text)
    exit                                     0x0801e209   Thumb Code    18  exit.o(.text)
    _is_digit                                0x0801e21b   Thumb Code    14  __printf_wp.o(i._is_digit)
    _get_lc_ctype                            0x0801e229   Thumb Code    44  lc_ctype_c.o(locale$$code)
    _fp_init                                 0x0801e255   Thumb Code    10  fpinit.o(x$fpl$fpinit)
    __fplib_config_fpu_vfp                   0x0801e25d   Thumb Code     0  fpinit.o(x$fpl$fpinit)
    __fplib_config_pureend_doubles           0x0801e25d   Thumb Code     0  fpinit.o(x$fpl$fpinit)
    ethbroadcast                             0x0801e2a0   Data           6  etharp.o(.constdata)
    ethzero                                  0x0801e2a6   Data           6  etharp.o(.constdata)
    ip_addr_any                              0x0801e2ac   Data           4  ip_addr.o(.constdata)
    ip_addr_broadcast                        0x0801e2b0   Data           4  ip_addr.o(.constdata)
    tcp_state_str                            0x0801e2ec   Data          44  tcp.o(.constdata)
    tcp_backoff                              0x0801e318   Data          13  tcp.o(.constdata)
    tcp_persist_backoff                      0x0801e325   Data           7  tcp.o(.constdata)
    tcp_pcb_lists                            0x0801e32c   Data          16  tcp.o(.constdata)
    pvNullPointer                            0x0801e33c   Data           4  sys_arch.o(.constdata)
    OSUnMapTbl                               0x0801e380   Data         256  os_core.o(.constdata)
    memtblsize                               0x0801e480   Data          12  malloc.o(.constdata)
    memblksize                               0x0801e48c   Data          12  malloc.o(.constdata)
    memsize                                  0x0801e498   Data          12  malloc.o(.constdata)
    Region$$Table$$Base                      0x0801e848   Number         0  anon$$obj.o(Region$$Table)
    Region$$Table$$Limit                     0x0801e868   Number         0  anon$$obj.o(Region$$Table)
    __ctype                                  0x0801e875   Data           0  lc_ctype_c.o(locale$$data)
    mem3base                                 0x10000000   Data       61440  malloc.o(.ARM.__AT_0x10000000)
    mem3mapbase                              0x1000f000   Data        3840  malloc.o(.ARM.__AT_0x1000F000)
    sem_taskT1                               0x20000000   Data           4  main.o(.data)
    config                                   0x20000008   Data         456  main.o(.data)
    uart3_write                              0x200001d0   Data           4  main.o(.data)
    uart6_write                              0x200001d4   Data           4  main.o(.data)
    lan_write                                0x200001d8   Data           4  main.o(.data)
    txdbuff_write                            0x200001dc   Data           4  main.o(.data)
    SystemCoreClock                          0x200001e0   Data           4  system_stm32f4xx.o(.data)
    AHBPrescTable                            0x200001e4   Data          16  system_stm32f4xx.o(.data)
    NVIC_InitStructure                       0x200001f4   Data           4  rtc.o(.data)
    DMARxDscrTab                             0x200001f8   Data           4  lan8720.o(.data)
    DMATxDscrTab                             0x200001fc   Data           4  lan8720.o(.data)
    Rx_Buff                                  0x20000200   Data           4  lan8720.o(.data)
    Tx_Buff                                  0x20000204   Data           4  lan8720.o(.data)
    BUFFER_DUMP                              0x20000208   Data           4  spi.o(.data)
    current_rx_machine                       0x2000020c   Data           4  spi.o(.data)
    machine_num                              0x20000210   Data           1  gpio.o(.data)
    spi_data_come                            0x20000211   Data           4  gpio.o(.data)
    module_1_ReceivedTel_debug               0x2000021e   Data           1  module_1.o(.data)
    RxdBytes_debug_module1                   0x2000021f   Data           1  module_1.o(.data)
    reply_flag                               0x20000220   Data           1  module_1.o(.data)
    current_receive_module_1_node            0x20000222   Data           2  module_1.o(.data)
    module_2_ReceivedTel_debug               0x20000226   Data           1  module_2.o(.data)
    RxdBytes_debug_module2                   0x20000227   Data           1  module_2.o(.data)
    current_receive_module_2_node            0x2000022c   Data           2  module_2.o(.data)
    receive_echo                             0x20000230   Data           4  module_2.o(.data)
    DMATxDescToSet                           0x20000244   Data           4  stm32f4x7_eth.o(.data)
    DMARxDescToGet                           0x20000248   Data           4  stm32f4x7_eth.o(.data)
    DMA_RX_FRAME_infos                       0x2000024c   Data           4  stm32f4x7_eth.o(.data)
    Frame_Rx_index                           0x20000250   Data           4  stm32f4x7_eth.o(.data)
    __stdout                                 0x20000258   Data           4  usart.o(.data)
    USART_RX_STA                             0x2000025c   Data           2  usart.o(.data)
    sys_cmd_tab                              0x20000260   Data          28  usmart.o(.data)
    usmart_nametab                           0x2000027c   Data          48  usmart_config.o(.data)
    usmart_dev                               0x200002ac   Data         244  usmart_config.o(.data)
    TCPIP_THREAD_TASK_STK                    0x200003a0   Data           4  lwip_comm.o(.data)
    LWIP_DHCP_TASK_STK                       0x200003a4   Data           4  lwip_comm.o(.data)
    NetReceBufHeadIndex                      0x200003ac   Data           4  udp_server.o(.data)
    NetReceBufTailIndex                      0x200003b0   Data           4  udp_server.o(.data)
    CmdBufLength                             0x200003b4   Data           4  udp_server.o(.data)
    tcp_clientconn                           0x200003b8   Data           4  udp_server.o(.data)
    dest_port                                0x200003bc   Data           2  udp_server.o(.data)
    leftRxdTel_counter                       0x200003c0   Data           4  udp_server.o(.data)
    delaycounter                             0x200003c4   Data           4  udp_server.o(.data)
    time                                     0x200003c8   Data           4  udp_server.o(.data)
    date                                     0x200003cc   Data           4  udp_server.o(.data)
    sem_uart3_buf                            0x200003d0   Data           4  udp_server.o(.data)
    sem_uart6_buf                            0x200003d4   Data           4  udp_server.o(.data)
    module_ready                             0x200003d8   Data           1  udp_server.o(.data)
    HeadIndex                                0x200003dc   Data           4  udp_server.o(.data)
    TailIndex                                0x200003e0   Data           4  udp_server.o(.data)
    lasthour                                 0x200003e4   Data           4  udp_server.o(.data)
    lastday                                  0x200003e8   Data           4  udp_server.o(.data)
    InputIOtimer                             0x200003f0   Data           2  udp_server.o(.data)
    Resetflag                                0x200003f2   Data           1  udp_server.o(.data)
    time_counter_beacon                      0x200003f3   Data           1  udp_server.o(.data)
    retry_send_buf_time                      0x200003f4   Data           4  udp_server.o(.data)
    current_netif                            0x20000408   Data           4  ip.o(.data)
    current_header                           0x2000040c   Data           4  ip.o(.data)
    current_iphdr_src                        0x20000410   Data           4  ip.o(.data)
    current_iphdr_dest                       0x20000414   Data           4  ip.o(.data)
    memp_memory                              0x20000460   Data           4  memp.o(.data)
    netif_list                               0x20000464   Data           4  netif.o(.data)
    netif_default                            0x20000468   Data           4  netif.o(.data)
    tcp_ticks                                0x20000478   Data           4  tcp.o(.data)
    tcp_bound_pcbs                           0x2000047c   Data           4  tcp.o(.data)
    tcp_listen_pcbs                          0x20000480   Data           4  tcp.o(.data)
    tcp_active_pcbs                          0x20000484   Data           4  tcp.o(.data)
    tcp_tw_pcbs                              0x20000488   Data           4  tcp.o(.data)
    tcp_tmp_pcb                              0x2000048c   Data           4  tcp.o(.data)
    tcp_active_pcbs_changed                  0x20000490   Data           1  tcp.o(.data)
    tcp_input_pcb                            0x200004b4   Data           4  tcp_in.o(.data)
    udp_pcbs                                 0x200004c4   Data           4  udp.o(.data)
    ram_heap                                 0x200004c8   Data           4  mem.o(.data)
    OSCtxSwCtr                               0x200004f0   Data           4  os_core.o(.data)
    OSEventFreeList                          0x200004f4   Data           4  os_core.o(.data)
    OSFlagFreeList                           0x200004f8   Data           4  os_core.o(.data)
    OSCPUUsage                               0x200004fc   Data           1  os_core.o(.data)
    OSIdleCtrMax                             0x20000500   Data           4  os_core.o(.data)
    OSIdleCtrRun                             0x20000504   Data           4  os_core.o(.data)
    OSStatRdy                                0x20000508   Data           1  os_core.o(.data)
    OSIntNesting                             0x20000509   Data           1  os_core.o(.data)
    OSLockNesting                            0x2000050a   Data           1  os_core.o(.data)
    OSPrioCur                                0x2000050b   Data           1  os_core.o(.data)
    OSPrioHighRdy                            0x2000050c   Data           1  os_core.o(.data)
    OSRdyGrp                                 0x2000050d   Data           1  os_core.o(.data)
    OSRdyTbl                                 0x2000050e   Data           8  os_core.o(.data)
    OSRunning                                0x20000516   Data           1  os_core.o(.data)
    OSTaskCtr                                0x20000517   Data           1  os_core.o(.data)
    OSIdleCtr                                0x20000518   Data           4  os_core.o(.data)
    OSTCBCur                                 0x2000051c   Data           4  os_core.o(.data)
    OSTCBFreeList                            0x20000520   Data           4  os_core.o(.data)
    OSTCBHighRdy                             0x20000524   Data           4  os_core.o(.data)
    OSTCBList                                0x20000528   Data           4  os_core.o(.data)
    OSTickStepState                          0x2000052c   Data           1  os_core.o(.data)
    OSMemFreeList                            0x20000530   Data           4  os_core.o(.data)
    OSQFreeList                              0x20000534   Data           4  os_core.o(.data)
    OSTime                                   0x20000538   Data           4  os_core.o(.data)
    OSTmrFree                                0x2000053c   Data           2  os_core.o(.data)
    OSTmrUsed                                0x2000053e   Data           2  os_core.o(.data)
    OSTmrTime                                0x20000540   Data           4  os_core.o(.data)
    OSTmrSem                                 0x20000544   Data           4  os_core.o(.data)
    OSTmrSemSignal                           0x20000548   Data           4  os_core.o(.data)
    OSTmrFreeList                            0x2000054c   Data           4  os_core.o(.data)
    OSInterrputSum                           0x20000550   Data           4  os_cpu_c.o(.data)
    mallco_dev                               0x20000558   Data          36  malloc.o(.data)
    START_TASK_STK                           0x20000580   Data         512  main.o(.bss)
    T1_TASK_STK                              0x20000780   Data         256  main.o(.bss)
    READ_SPI0_TASK_STK                       0x20000880   Data         512  main.o(.bss)
    Parameter                                0x20000a80   Data        3104  main.o(.bss)
    sys_para                                 0x200016a0   Data          16  paramaters.o(.bss)
    RX_Frame_Descriptor                      0x20001fb0   Data          12  stm32f4x7_eth.o(.bss)
    USART_RX_BUF                             0x20001fbc   Data         200  usart.o(.bss)
    lwipdev                                  0x20002084   Data          23  lwip_comm.o(.bss)
    lwip_netif                               0x2000209c   Data          52  lwip_comm.o(.bss)
    NetReceveBuf                             0x200020d0   Data        1024  udp_server.o(.bss)
    TXDBUF                                   0x200024d0   Data        1250  udp_server.o(.bss)
    TXDBUFLength                             0x200029b2   Data          50  udp_server.o(.bss)
    TCP_CLIENT_TASK_STK                      0x20002fe4   Data        8192  udp_server.o(.bss)
    ANALYSIS_NETBUF_TASK_STK                 0x20004fe4   Data        1200  udp_server.o(.bss)
    ANALYSIS_UART_3_BUF_TASK_STK             0x20005494   Data        1200  udp_server.o(.bss)
    ANALYSIS_UART_6_BUF_TASK_STK             0x20005944   Data        1200  udp_server.o(.bss)
    LED_TIME_TASK_STK                        0x20005df4   Data        1200  udp_server.o(.bss)
    SEND_TXDBUF_TASK_STK                     0x200062a4   Data        2000  udp_server.o(.bss)
    thread_contex                            0x20006a74   Data          80  udp_server.o(.bss)
    dhcp_rx_options_val                      0x20006b9c   Data          40  dhcp.o(.bss)
    dhcp_rx_options_given                    0x20006bc4   Data          10  dhcp.o(.bss)
    OSEventTbl                               0x20006c7c   Data         360  os_core.o(.bss)
    OSFlagTbl                                0x20006de4   Data         160  os_core.o(.bss)
    OSTaskStatStk                            0x20006e84   Data         512  os_core.o(.bss)
    OSTaskIdleStk                            0x20007084   Data         512  os_core.o(.bss)
    OSTCBPrioTbl                             0x20007284   Data         256  os_core.o(.bss)
    OSTCBTbl                                 0x20007384   Data        1008  os_core.o(.bss)
    OSMemTbl                                 0x20007774   Data         240  os_core.o(.bss)
    OSQTbl                                   0x20007864   Data         480  os_core.o(.bss)
    OSTmrTbl                                 0x20007a44   Data         640  os_core.o(.bss)
    OSTmrTaskStk                             0x20007cc4   Data         512  os_core.o(.bss)
    OSTmrWheelTbl                            0x20007ec4   Data          64  os_core.o(.bss)
    mem1base                                 0x20007f04   Data       61440  malloc.o(.bss)
    mem1mapbase                              0x20016f04   Data        3840  malloc.o(.bss)
    __libspace_start                         0x20017e04   Data          96  libspace.o(.bss)
    __temporary_stack_top$libspace           0x20017e64   Data           0  libspace.o(.bss)
    mem2base                                 0x68000000   Data       819200  malloc.o(.ARM.__AT_0x68000000)
    mem2mapbase                              0x680c8000   Data       51200  malloc.o(.ARM.__AT_0x680C8000)



==============================================================================

Memory Map of the image

  Image Entry point : 0x08000189

  Load Region LR_IROM1 (Base: 0x08000000, Size: 0x0001eef4, Max: 0x00080000, ABSOLUTE, COMPRESSED[0x0001eaec])

    Execution Region ER_IROM1 (Exec base: 0x08000000, Load base: 0x08000000, Size: 0x0001e978, Max: 0x00080000, ABSOLUTE)

    Exec Addr    Load Addr    Size         Type   Attr      Idx    E Section Name        Object

    0x08000000   0x08000000   0x00000188   Data   RO          688    RESET               startup_stm32f40_41xxx.o
    0x08000188   0x08000188   0x00000008   Code   RO         2600  * !!!main             c_w.l(__main.o)
    0x08000190   0x08000190   0x00000034   Code   RO         2793    !!!scatter          c_w.l(__scatter.o)
    0x080001c4   0x080001c4   0x0000005a   Code   RO         2791    !!dczerorl2         c_w.l(__dczerorl2.o)
    0x0800021e   0x0800021e   0x00000002   PAD
    0x08000220   0x08000220   0x0000001c   Code   RO         2795    !!handler_zi        c_w.l(__scatter_zi.o)
    0x0800023c   0x0800023c   0x00000000   Code   RO         2581    .ARM.Collect$$_printf_percent$$00000000  c_w.l(_printf_percent.o)
    0x0800023c   0x0800023c   0x00000006   Code   RO         2579    .ARM.Collect$$_printf_percent$$00000009  c_w.l(_printf_d.o)
    0x08000242   0x08000242   0x00000006   Code   RO         2580    .ARM.Collect$$_printf_percent$$0000000A  c_w.l(_printf_u.o)
    0x08000248   0x08000248   0x00000006   Code   RO         2578    .ARM.Collect$$_printf_percent$$0000000C  c_w.l(_printf_x.o)
    0x0800024e   0x0800024e   0x00000006   Code   RO         2576    .ARM.Collect$$_printf_percent$$00000013  c_w.l(_printf_c.o)
    0x08000254   0x08000254   0x00000006   Code   RO         2577    .ARM.Collect$$_printf_percent$$00000014  c_w.l(_printf_s.o)
    0x0800025a   0x0800025a   0x00000004   Code   RO         2621    .ARM.Collect$$_printf_percent$$00000017  c_w.l(_printf_percent_end.o)
    0x0800025e   0x0800025e   0x00000002   Code   RO         2715    .ARM.Collect$$libinit$$00000000  c_w.l(libinit.o)
    0x08000260   0x08000260   0x00000004   Code   RO         2655    .ARM.Collect$$libinit$$00000001  c_w.l(libinit2.o)
    0x08000264   0x08000264   0x00000000   Code   RO         2658    .ARM.Collect$$libinit$$00000004  c_w.l(libinit2.o)
    0x08000264   0x08000264   0x00000000   Code   RO         2661    .ARM.Collect$$libinit$$0000000A  c_w.l(libinit2.o)
    0x08000264   0x08000264   0x00000000   Code   RO         2663    .ARM.Collect$$libinit$$0000000C  c_w.l(libinit2.o)
    0x08000264   0x08000264   0x00000000   Code   RO         2665    .ARM.Collect$$libinit$$0000000E  c_w.l(libinit2.o)
    0x08000264   0x08000264   0x00000006   Code   RO         2666    .ARM.Collect$$libinit$$0000000F  c_w.l(libinit2.o)
    0x0800026a   0x0800026a   0x00000000   Code   RO         2668    .ARM.Collect$$libinit$$00000011  c_w.l(libinit2.o)
    0x0800026a   0x0800026a   0x0000000c   Code   RO         2669    .ARM.Collect$$libinit$$00000012  c_w.l(libinit2.o)
    0x08000276   0x08000276   0x00000000   Code   RO         2670    .ARM.Collect$$libinit$$00000013  c_w.l(libinit2.o)
    0x08000276   0x08000276   0x00000000   Code   RO         2672    .ARM.Collect$$libinit$$00000015  c_w.l(libinit2.o)
    0x08000276   0x08000276   0x00000000   Code   RO         2674    .ARM.Collect$$libinit$$00000017  c_w.l(libinit2.o)
    0x08000276   0x08000276   0x00000000   Code   RO         2676    .ARM.Collect$$libinit$$00000019  c_w.l(libinit2.o)
    0x08000276   0x08000276   0x00000000   Code   RO         2678    .ARM.Collect$$libinit$$0000001B  c_w.l(libinit2.o)
    0x08000276   0x08000276   0x00000000   Code   RO         2680    .ARM.Collect$$libinit$$0000001D  c_w.l(libinit2.o)
    0x08000276   0x08000276   0x00000000   Code   RO         2682    .ARM.Collect$$libinit$$0000001F  c_w.l(libinit2.o)
    0x08000276   0x08000276   0x00000000   Code   RO         2684    .ARM.Collect$$libinit$$00000021  c_w.l(libinit2.o)
    0x08000276   0x08000276   0x00000000   Code   RO         2686    .ARM.Collect$$libinit$$00000023  c_w.l(libinit2.o)
    0x08000276   0x08000276   0x00000000   Code   RO         2688    .ARM.Collect$$libinit$$00000025  c_w.l(libinit2.o)
    0x08000276   0x08000276   0x00000000   Code   RO         2692    .ARM.Collect$$libinit$$0000002C  c_w.l(libinit2.o)
    0x08000276   0x08000276   0x00000000   Code   RO         2694    .ARM.Collect$$libinit$$0000002E  c_w.l(libinit2.o)
    0x08000276   0x08000276   0x00000000   Code   RO         2696    .ARM.Collect$$libinit$$00000030  c_w.l(libinit2.o)
    0x08000276   0x08000276   0x00000000   Code   RO         2698    .ARM.Collect$$libinit$$00000032  c_w.l(libinit2.o)
    0x08000276   0x08000276   0x00000002   Code   RO         2699    .ARM.Collect$$libinit$$00000033  c_w.l(libinit2.o)
    0x08000278   0x08000278   0x00000002   Code   RO         2748    .ARM.Collect$$libshutdown$$00000000  c_w.l(libshutdown.o)
    0x0800027a   0x0800027a   0x00000000   Code   RO         2754    .ARM.Collect$$libshutdown$$00000002  c_w.l(libshutdown2.o)
    0x0800027a   0x0800027a   0x00000000   Code   RO         2756    .ARM.Collect$$libshutdown$$00000004  c_w.l(libshutdown2.o)
    0x0800027a   0x0800027a   0x00000000   Code   RO         2759    .ARM.Collect$$libshutdown$$00000007  c_w.l(libshutdown2.o)
    0x0800027a   0x0800027a   0x00000000   Code   RO         2762    .ARM.Collect$$libshutdown$$0000000A  c_w.l(libshutdown2.o)
    0x0800027a   0x0800027a   0x00000000   Code   RO         2764    .ARM.Collect$$libshutdown$$0000000C  c_w.l(libshutdown2.o)
    0x0800027a   0x0800027a   0x00000000   Code   RO         2767    .ARM.Collect$$libshutdown$$0000000F  c_w.l(libshutdown2.o)
    0x0800027a   0x0800027a   0x00000002   Code   RO         2768    .ARM.Collect$$libshutdown$$00000010  c_w.l(libshutdown2.o)
    0x0800027c   0x0800027c   0x00000000   Code   RO         2604    .ARM.Collect$$rtentry$$00000000  c_w.l(__rtentry.o)
    0x0800027c   0x0800027c   0x00000000   Code   RO         2633    .ARM.Collect$$rtentry$$00000002  c_w.l(__rtentry2.o)
    0x0800027c   0x0800027c   0x00000006   Code   RO         2645    .ARM.Collect$$rtentry$$00000004  c_w.l(__rtentry4.o)
    0x08000282   0x08000282   0x00000000   Code   RO         2635    .ARM.Collect$$rtentry$$00000009  c_w.l(__rtentry2.o)
    0x08000282   0x08000282   0x00000004   Code   RO         2636    .ARM.Collect$$rtentry$$0000000A  c_w.l(__rtentry2.o)
    0x08000286   0x08000286   0x00000000   Code   RO         2638    .ARM.Collect$$rtentry$$0000000C  c_w.l(__rtentry2.o)
    0x08000286   0x08000286   0x00000008   Code   RO         2639    .ARM.Collect$$rtentry$$0000000D  c_w.l(__rtentry2.o)
    0x0800028e   0x0800028e   0x00000002   Code   RO         2718    .ARM.Collect$$rtexit$$00000000  c_w.l(rtexit.o)
    0x08000290   0x08000290   0x00000000   Code   RO         2727    .ARM.Collect$$rtexit$$00000002  c_w.l(rtexit2.o)
    0x08000290   0x08000290   0x00000004   Code   RO         2728    .ARM.Collect$$rtexit$$00000003  c_w.l(rtexit2.o)
    0x08000294   0x08000294   0x00000006   Code   RO         2729    .ARM.Collect$$rtexit$$00000004  c_w.l(rtexit2.o)
    0x0800029a   0x0800029a   0x00000002   PAD
    0x0800029c   0x0800029c   0x00000150   Code   RO            3    .text               main.o
    0x080003ec   0x080003ec   0x00000014   Code   RO          252    .text               stm32f4xx_it.o
    0x08000400   0x08000400   0x00000210   Code   RO          301    .text               system_stm32f4xx.o
    0x08000610   0x08000610   0x000001f4   Code   RO          360    .text               paramaters.o
    0x08000804   0x08000804   0x00000088   Code   RO          386    .text               timer.o
    0x0800088c   0x0800088c   0x00000218   Code   RO          406    .text               rtc.o
    0x08000aa4   0x08000aa4   0x000003dc   Code   RO          429    .text               lan8720.o
    0x08000e80   0x08000e80   0x00000338   Code   RO          476    .text               spi.o
    0x080011b8   0x080011b8   0x000002e8   Code   RO          564    .text               gpio.o
    0x080014a0   0x080014a0   0x000002a4   Code   RO          591    .text               can.o
    0x08001744   0x08001744   0x000001dc   Code   RO          611    .text               stm32f4_flash.o
    0x08001920   0x08001920   0x00000688   Code   RO          634    .text               module_1.o
    0x08001fa8   0x08001fa8   0x00000960   Code   RO          663    .text               module_2.o
    0x08002908   0x08002908   0x00000040   Code   RO          689    .text               startup_stm32f40_41xxx.o
    0x08002948   0x08002948   0x000000e0   Code   RO          695    .text               misc.o
    0x08002a28   0x08002a28   0x00000294   Code   RO          715    .text               stm32f4xx_gpio.o
    0x08002cbc   0x08002cbc   0x0000065c   Code   RO          735    .text               stm32f4xx_rcc.o
    0x08003318   0x08003318   0x00000094   Code   RO          757    .text               stm32f4xx_syscfg.o
    0x080033ac   0x080033ac   0x00000ca2   Code   RO          777    .text               stm32f4xx_tim.o
    0x0800404e   0x0800404e   0x00000002   PAD
    0x08004050   0x08004050   0x00000454   Code   RO          797    .text               stm32f4xx_usart.o
    0x080044a4   0x080044a4   0x00000e40   Code   RO          817    .text               stm32f4x7_eth.o
    0x080052e4   0x080052e4   0x000003a8   Code   RO          884    .text               stm32f4xx_dma.o
    0x0800568c   0x0800568c   0x00000110   Code   RO          927    .text               stm32f4xx_exti.o
    0x0800579c   0x0800579c   0x00000480   Code   RO          947    .text               stm32f4xx_spi.o
    0x08005c1c   0x08005c1c   0x000009f0   Code   RO          967    .text               stm32f4xx_can.o
    0x0800660c   0x0800660c   0x00000694   Code   RO          987    .text               stm32f4xx_flash.o
    0x08006ca0   0x08006ca0   0x00000d68   Code   RO         1007    .text               stm32f4xx_rtc.o
    0x08007a08   0x08007a08   0x0000016c   Code   RO         1027    .text               stm32f4xx_pwr.o
    0x08007b74   0x08007b74   0x00000160   Code   RO         1047    .text               delay.o
    0x08007cd4   0x08007cd4   0x00000144   Code   RO         1088    .text               usart.o
    0x08007e18   0x08007e18   0x00000c3c   Code   RO         1119    .text               usmart.o
    0x08008a54   0x08008a54   0x00000528   Code   RO         1172    .text               usmart_str.o
    0x08008f7c   0x08008f7c   0x0000054c   Code   RO         1192    .text               lwip_comm.o
    0x080094c8   0x080094c8   0x00001a80   Code   RO         1289    .text               udp_server.o
    0x0800af48   0x0800af48   0x00000e84   Code   RO         1336    .text               etharp.o
    0x0800bdcc   0x0800bdcc   0x00000228   Code   RO         1380    .text               ethernetif.o
    0x0800bff4   0x0800bff4   0x00000424   Code   RO         1432    .text               icmp.o
    0x0800c418   0x0800c418   0x000002b4   Code   RO         1494    .text               inet_chksum.o
    0x0800c6cc   0x0800c6cc   0x00000430   Code   RO         1514    .text               ip.o
    0x0800cafc   0x0800cafc   0x0000032c   Code   RO         1549    .text               ip_addr.o
    0x0800ce28   0x0800ce28   0x00000a28   Code   RO         1586    .text               ip_frag.o
    0x0800d850   0x0800d850   0x0000003e   Code   RO         1611    .text               def.o
    0x0800d88e   0x0800d88e   0x00000002   PAD
    0x0800d890   0x0800d890   0x00001a6c   Code   RO         1631    .text               dhcp.o
    0x0800f2fc   0x0800f2fc   0x00000024   Code   RO         1673    .text               init.o
    0x0800f320   0x0800f320   0x000001d4   Code   RO         1705    .text               memp.o
    0x0800f4f4   0x0800f4f4   0x00000340   Code   RO         1746    .text               netif.o
    0x0800f834   0x0800f834   0x000010a0   Code   RO         1776    .text               pbuf.o
    0x080108d4   0x080108d4   0x0000024c   Code   RO         1796    .text               raw.o
    0x08010b20   0x08010b20   0x0000148c   Code   RO         1832    .text               tcp.o
    0x08011fac   0x08011fac   0x00001878   Code   RO         1864    .text               tcp_in.o
    0x08013824   0x08013824   0x00001346   Code   RO         1895    .text               tcp_out.o
    0x08014b6a   0x08014b6a   0x00000002   PAD
    0x08014b6c   0x08014b6c   0x00000330   Code   RO         1916    .text               timers.o
    0x08014e9c   0x08014e9c   0x000005e8   Code   RO         1965    .text               udp.o
    0x08015484   0x08015484   0x00000744   Code   RO         2002    .text               mem.o
    0x08015bc8   0x08015bc8   0x000003dc   Code   RO         2025    .text               sys_arch.o
    0x08015fa4   0x08015fa4   0x00000bfc   Code   RO         2058    .text               api_lib.o
    0x08016ba0   0x08016ba0   0x000017c0   Code   RO         2097    .text               api_msg.o
    0x08018360   0x08018360   0x000003b0   Code   RO         2140    .text               netbuf.o
    0x08018710   0x08018710   0x00001c58   Code   RO         2191    .text               sockets.o
    0x0801a368   0x0801a368   0x000003b8   Code   RO         2215    .text               tcpip.o
    0x0801a720   0x0801a720   0x00000970   Code   RO         2246    .text               os_core.o
    0x0801b090   0x0801b090   0x0000080c   Code   RO         2274    .text               os_flag.o
    0x0801b89c   0x0801b89c   0x000001e4   Code   RO         2314    .text               os_mem.o
    0x0801ba80   0x0801ba80   0x000005f8   Code   RO         2354    .text               os_q.o
    0x0801c078   0x0801c078   0x000003dc   Code   RO         2374    .text               os_sem.o
    0x0801c454   0x0801c454   0x000007c4   Code   RO         2394    .text               os_task.o
    0x0801cc18   0x0801cc18   0x000001b0   Code   RO         2414    .text               os_time.o
    0x0801cdc8   0x0801cdc8   0x00000670   Code   RO         2434    .text               os_tmr.o
    0x0801d438   0x0801d438   0x000001e8   Code   RO         2454    .text               os_cpu_c.o
    0x0801d620   0x0801d620   0x000000c8   Code   RO         2482    .text               os_cpu_a.o
    0x0801d6e8   0x0801d6e8   0x00000234   Code   RO         2487    .text               malloc.o
    0x0801d91c   0x0801d91c   0x00000002   Code   RO         2519    .text               c_w.l(use_no_semi_2.o)
    0x0801d91e   0x0801d91e   0x00000002   PAD
    0x0801d920   0x0801d920   0x00000010   Code   RO         2521    .text               c_w.l(rt_ctype_table.o)
    0x0801d930   0x0801d930   0x00000018   Code   RO         2525    .text               c_w.l(noretval__2printf.o)
    0x0801d948   0x0801d948   0x0000004e   Code   RO         2529    .text               c_w.l(_printf_pad.o)
    0x0801d996   0x0801d996   0x00000052   Code   RO         2531    .text               c_w.l(_printf_str.o)
    0x0801d9e8   0x0801d9e8   0x00000078   Code   RO         2533    .text               c_w.l(_printf_dec.o)
    0x0801da60   0x0801da60   0x00000058   Code   RO         2538    .text               c_w.l(_printf_hex_int.o)
    0x0801dab8   0x0801dab8   0x00000188   Code   RO         2573    .text               c_w.l(__printf_flags_ss_wp.o)
    0x0801dc40   0x0801dc40   0x0000001a   Code   RO         2582    .text               c_w.l(atoi.o)
    0x0801dc5a   0x0801dc5a   0x00000058   Code   RO         2584    .text               c_w.l(memcmp.o)
    0x0801dcb2   0x0801dcb2   0x00000048   Code   RO         2586    .text               c_w.l(strcpy.o)
    0x0801dcfa   0x0801dcfa   0x0000003e   Code   RO         2588    .text               c_w.l(strlen.o)
    0x0801dd38   0x0801dd38   0x0000008a   Code   RO         2590    .text               c_w.l(rt_memcpy_v6.o)
    0x0801ddc2   0x0801ddc2   0x00000044   Code   RO         2592    .text               c_w.l(rt_memclr.o)
    0x0801de06   0x0801de06   0x0000004e   Code   RO         2594    .text               c_w.l(rt_memclr_w.o)
    0x0801de54   0x0801de54   0x00000080   Code   RO         2596    .text               c_w.l(strcmpv7m.o)
    0x0801ded4   0x0801ded4   0x00000006   Code   RO         2598    .text               c_w.l(heapauxi.o)
    0x0801deda   0x0801deda   0x00000002   Code   RO         2602    .text               c_w.l(use_no_semi.o)
    0x0801dedc   0x0801dedc   0x00000008   Code   RO         2608    .text               c_w.l(rt_locale_intlibspace.o)
    0x0801dee4   0x0801dee4   0x00000008   Code   RO         2613    .text               c_w.l(rt_errno_addr_intlibspace.o)
    0x0801deec   0x0801deec   0x000000b2   Code   RO         2615    .text               c_w.l(_printf_intcommon.o)
    0x0801df9e   0x0801df9e   0x0000002c   Code   RO         2617    .text               c_w.l(_printf_char.o)
    0x0801dfca   0x0801dfca   0x00000002   PAD
    0x0801dfcc   0x0801dfcc   0x00000024   Code   RO         2619    .text               c_w.l(_printf_char_file.o)
    0x0801dff0   0x0801dff0   0x00000070   Code   RO         2622    .text               c_w.l(strtol.o)
    0x0801e060   0x0801e060   0x00000064   Code   RO         2627    .text               c_w.l(rt_memcpy_w.o)
    0x0801e0c4   0x0801e0c4   0x00000008   Code   RO         2629    .text               c_w.l(libspace.o)
    0x0801e0cc   0x0801e0cc   0x00000030   Code   RO         2647    .text               c_w.l(_printf_char_common.o)
    0x0801e0fc   0x0801e0fc   0x0000009e   Code   RO         2649    .text               c_w.l(_strtoul.o)
    0x0801e19a   0x0801e19a   0x00000008   Code   RO         2651    .text               c_w.l(ferror.o)
    0x0801e1a2   0x0801e1a2   0x0000004a   Code   RO         2700    .text               c_w.l(sys_stackheap_outer.o)
    0x0801e1ec   0x0801e1ec   0x0000001c   Code   RO         2704    .text               c_w.l(_chval.o)
    0x0801e208   0x0801e208   0x00000012   Code   RO         2706    .text               c_w.l(exit.o)
    0x0801e21a   0x0801e21a   0x0000000e   Code   RO         2566    i._is_digit         c_w.l(__printf_wp.o)
    0x0801e228   0x0801e228   0x0000002c   Code   RO         2625    locale$$code        c_w.l(lc_ctype_c.o)
    0x0801e254   0x0801e254   0x0000000a   Code   RO         2716    x$fpl$fpinit        fz_wm.l(fpinit.o)
    0x0801e25e   0x0801e25e   0x00000002   PAD
    0x0801e260   0x0801e260   0x00000020   Data   RO          636    .constdata          module_1.o
    0x0801e280   0x0801e280   0x00000020   Data   RO          665    .constdata          module_2.o
    0x0801e2a0   0x0801e2a0   0x0000000c   Data   RO         1338    .constdata          etharp.o
    0x0801e2ac   0x0801e2ac   0x00000008   Data   RO         1551    .constdata          ip_addr.o
    0x0801e2b4   0x0801e2b4   0x00000038   Data   RO         1707    .constdata          memp.o
    0x0801e2ec   0x0801e2ec   0x00000050   Data   RO         1833    .constdata          tcp.o
    0x0801e33c   0x0801e33c   0x00000004   Data   RO         2026    .constdata          sys_arch.o
    0x0801e340   0x0801e340   0x00000040   Data   RO         2193    .constdata          sockets.o
    0x0801e380   0x0801e380   0x00000100   Data   RO         2248    .constdata          os_core.o
    0x0801e480   0x0801e480   0x00000024   Data   RO         2493    .constdata          malloc.o
    0x0801e4a4   0x0801e4a4   0x00000028   Data   RO         2539    .constdata          c_w.l(_printf_hex_int.o)
    0x0801e4cc   0x0801e4cc   0x00000011   Data   RO         2574    .constdata          c_w.l(__printf_flags_ss_wp.o)
    0x0801e4dd   0x0801e4dd   0x00000003   PAD
    0x0801e4e0   0x0801e4e0   0x00000028   Data   RO         1120    .conststring        usmart.o
    0x0801e508   0x0801e508   0x00000107   Data   RO         1151    .conststring        usmart_config.o
    0x0801e60f   0x0801e60f   0x00000001   PAD
    0x0801e610   0x0801e610   0x00000044   Data   RO         1339    .conststring        etharp.o
    0x0801e654   0x0801e654   0x0000008c   Data   RO         1633    .conststring        dhcp.o
    0x0801e6e0   0x0801e6e0   0x000000a0   Data   RO         1708    .conststring        memp.o
    0x0801e780   0x0801e780   0x0000006d   Data   RO         1834    .conststring        tcp.o
    0x0801e7ed   0x0801e7ed   0x00000003   PAD
    0x0801e7f0   0x0801e7f0   0x00000055   Data   RO         1896    .conststring        tcp_out.o
    0x0801e845   0x0801e845   0x00000003   PAD
    0x0801e848   0x0801e848   0x00000020   Data   RO         2789    Region$$Table       anon$$obj.o
    0x0801e868   0x0801e868   0x00000110   Data   RO         2624    locale$$data        c_w.l(lc_ctype_c.o)


    Execution Region RW_IRAM1 (Exec base: 0x20000000, Load base: 0x0801e978, Size: 0x00018468, Max: 0x00020000, ABSOLUTE, COMPRESSED[0x00000174])

    Exec Addr    Load Addr    Size         Type   Attr      Idx    E Section Name        Object

    0x20000000   COMPRESSED   0x000001e0   Data   RW            5    .data               main.o
    0x200001e0   COMPRESSED   0x00000014   Data   RW          302    .data               system_stm32f4xx.o
    0x200001f4   COMPRESSED   0x00000004   Data   RW          407    .data               rtc.o
    0x200001f8   COMPRESSED   0x00000010   Data   RW          430    .data               lan8720.o
    0x20000208   COMPRESSED   0x00000008   Data   RW          477    .data               spi.o
    0x20000210   COMPRESSED   0x00000005   Data   RW          565    .data               gpio.o
    0x20000215   COMPRESSED   0x00000003   PAD
    0x20000218   COMPRESSED   0x0000000c   Data   RW          637    .data               module_1.o
    0x20000224   COMPRESSED   0x00000010   Data   RW          666    .data               module_2.o
    0x20000234   COMPRESSED   0x00000010   Data   RW          736    .data               stm32f4xx_rcc.o
    0x20000244   COMPRESSED   0x00000010   Data   RW          819    .data               stm32f4x7_eth.o
    0x20000254   COMPRESSED   0x00000004   Data   RW         1048    .data               delay.o
    0x20000258   COMPRESSED   0x00000006   Data   RW         1090    .data               usart.o
    0x2000025e   COMPRESSED   0x00000002   PAD
    0x20000260   COMPRESSED   0x0000001c   Data   RW         1121    .data               usmart.o
    0x2000027c   COMPRESSED   0x00000124   Data   RW         1152    .data               usmart_config.o
    0x200003a0   COMPRESSED   0x00000008   Data   RW         1194    .data               lwip_comm.o
    0x200003a8   COMPRESSED   0x0000005e   Data   RW         1291    .data               udp_server.o
    0x20000406   COMPRESSED   0x00000001   Data   RW         1340    .data               etharp.o
    0x20000407   COMPRESSED   0x00000001   PAD
    0x20000408   COMPRESSED   0x00000012   Data   RW         1515    .data               ip.o
    0x2000041a   COMPRESSED   0x00000002   PAD
    0x2000041c   COMPRESSED   0x00000006   Data   RW         1587    .data               ip_frag.o
    0x20000422   COMPRESSED   0x00000002   PAD
    0x20000424   COMPRESSED   0x00000004   Data   RW         1634    .data               dhcp.o
    0x20000428   COMPRESSED   0x0000003c   Data   RW         1709    .data               memp.o
    0x20000464   COMPRESSED   0x00000009   Data   RW         1747    .data               netif.o
    0x2000046d   COMPRESSED   0x00000003   PAD
    0x20000470   COMPRESSED   0x00000004   Data   RW         1797    .data               raw.o
    0x20000474   COMPRESSED   0x00000024   Data   RW         1835    .data               tcp.o
    0x20000498   COMPRESSED   0x00000020   Data   RW         1866    .data               tcp_in.o
    0x200004b8   COMPRESSED   0x00000008   Data   RW         1917    .data               timers.o
    0x200004c0   COMPRESSED   0x00000008   Data   RW         1966    .data               udp.o
    0x200004c8   COMPRESSED   0x00000014   Data   RW         2003    .data               mem.o
    0x200004dc   COMPRESSED   0x00000008   Data   RW         2194    .data               sockets.o
    0x200004e4   COMPRESSED   0x0000000c   Data   RW         2216    .data               tcpip.o
    0x200004f0   COMPRESSED   0x00000060   Data   RW         2249    .data               os_core.o
    0x20000550   COMPRESSED   0x00000006   Data   RW         2455    .data               os_cpu_c.o
    0x20000556   COMPRESSED   0x00000002   PAD
    0x20000558   COMPRESSED   0x00000024   Data   RW         2494    .data               malloc.o
    0x2000057c   COMPRESSED   0x00000004   PAD
    0x20000580        -       0x00001120   Zero   RW            4    .bss                main.o
    0x200016a0        -       0x00000010   Zero   RW          361    .bss                paramaters.o
    0x200016b0        -       0x00000400   Zero   RW          635    .bss                module_1.o
    0x20001ab0        -       0x00000500   Zero   RW          664    .bss                module_2.o
    0x20001fb0        -       0x0000000c   Zero   RW          818    .bss                stm32f4x7_eth.o
    0x20001fbc        -       0x000000c8   Zero   RW         1089    .bss                usart.o
    0x20002084        -       0x0000004c   Zero   RW         1193    .bss                lwip_comm.o
    0x200020d0        -       0x000049f4   Zero   RW         1290    .bss                udp_server.o
    0x20006ac4        -       0x000000c8   Zero   RW         1337    .bss                etharp.o
    0x20006b8c        -       0x00000010   Zero   RW         1550    .bss                ip_addr.o
    0x20006b9c        -       0x00000032   Zero   RW         1632    .bss                dhcp.o
    0x20006bce   COMPRESSED   0x00000002   PAD
    0x20006bd0        -       0x00000038   Zero   RW         1706    .bss                memp.o
    0x20006c08        -       0x00000014   Zero   RW         1865    .bss                tcp_in.o
    0x20006c1c        -       0x00000060   Zero   RW         2192    .bss                sockets.o
    0x20006c7c        -       0x00001288   Zero   RW         2247    .bss                os_core.o
    0x20007f04        -       0x0000ff00   Zero   RW         2492    .bss                malloc.o
    0x20017e04        -       0x00000060   Zero   RW         2630    .bss                c_w.l(libspace.o)
    0x20017e64   COMPRESSED   0x00000004   PAD
    0x20017e68        -       0x00000200   Zero   RW          687    HEAP                startup_stm32f40_41xxx.o
    0x20018068        -       0x00000400   Zero   RW          686    STACK               startup_stm32f40_41xxx.o



  Load Region LR$$.ARM.__AT_0x10000000 (Base: 0x10000000, Size: 0x00000000, Max: 0x0000f000, ABSOLUTE)

    Execution Region ER$$.ARM.__AT_0x10000000 (Exec base: 0x10000000, Load base: 0x10000000, Size: 0x0000f000, Max: 0x0000f000, ABSOLUTE, UNINIT)

    Exec Addr    Load Addr    Size         Type   Attr      Idx    E Section Name        Object

    0x10000000        -       0x0000f000   Zero   RW         2488    .ARM.__AT_0x10000000  malloc.o



  Load Region LR$$.ARM.__AT_0x1000F000 (Base: 0x1000f000, Size: 0x00000000, Max: 0x00000f00, ABSOLUTE)

    Execution Region ER$$.ARM.__AT_0x1000F000 (Exec base: 0x1000f000, Load base: 0x1000f000, Size: 0x00000f00, Max: 0x00000f00, ABSOLUTE, UNINIT)

    Exec Addr    Load Addr    Size         Type   Attr      Idx    E Section Name        Object

    0x1000f000        -       0x00000f00   Zero   RW         2489    .ARM.__AT_0x1000F000  malloc.o



  Load Region LR$$.ARM.__AT_0x68000000 (Base: 0x68000000, Size: 0x00000000, Max: 0x000c8000, ABSOLUTE)

    Execution Region ER$$.ARM.__AT_0x68000000 (Exec base: 0x68000000, Load base: 0x68000000, Size: 0x000c8000, Max: 0x000c8000, ABSOLUTE, UNINIT)

    Exec Addr    Load Addr    Size         Type   Attr      Idx    E Section Name        Object

    0x68000000        -       0x000c8000   Zero   RW         2490    .ARM.__AT_0x68000000  malloc.o



  Load Region LR$$.ARM.__AT_0x680C8000 (Base: 0x680c8000, Size: 0x00000000, Max: 0x0000c800, ABSOLUTE)

    Execution Region ER$$.ARM.__AT_0x680C8000 (Exec base: 0x680c8000, Load base: 0x680c8000, Size: 0x0000c800, Max: 0x0000c800, ABSOLUTE, UNINIT)

    Exec Addr    Load Addr    Size         Type   Attr      Idx    E Section Name        Object

    0x680c8000        -       0x0000c800   Zero   RW         2491    .ARM.__AT_0x680C8000  malloc.o


==============================================================================

Image component sizes


      Code (inc. data)   RO Data    RW Data    ZI Data      Debug   Object Name

      3068        818          0          0          0      18185   api_lib.o
      6080       1222          0          0          0      10723   api_msg.o
       676         32          0          0          0       3558   can.o
        62          0          0          0          0       1294   def.o
       352         30          0          4          0       1961   delay.o
      6764       1090        140          4         50      13734   dhcp.o
      3716        604         80          1        200      11031   etharp.o
       552        134          0          0          0       4914   ethernetif.o
       744         32          0          5          0       3209   gpio.o
      1060        372          0          0          0       6989   icmp.o
       692        104          0          0          0       3185   inet_chksum.o
        36          0          0          0          0        552   init.o
      1072        172          0         18          0       7367   ip.o
       812        112          8          0         16       9723   ip_addr.o
      2600        486          0          6          0       7608   ip_frag.o
       988         52          0         16          0       3941   lan8720.o
      1356        486          0          8         76      28260   lwip_comm.o
       336         48          0        480       4384     396752   main.o
       564         18         36         36    1000960       5063   malloc.o
      1860        568          0         20          0       4266   mem.o
       468        196        216         60         56       3224   memp.o
       224         20          0          0          0       2001   misc.o
      1672        118         32         12       1024       5901   module_1.o
      2400        144         32         16       1280       7062   module_2.o
       944        340          0          0          0       3205   netbuf.o
       832        124          0          9          0       6661   netif.o
      2416        246        256         96       4744      17316   os_core.o
       200         32          0          0          0        336   os_cpu_a.o
       488          8          0          6          0      12318   os_cpu_c.o
      2060         42          0          0          0       7264   os_flag.o
       484         16          0          0          0       3344   os_mem.o
      1528         32          0          0          0       5841   os_q.o
       988         64          0          0          0       4138   os_sem.o
      1988         70          0          0          0       7949   os_task.o
       432         30          0          0          0       1902   os_time.o
      1648        134          0          0          0       5809   os_tmr.o
       500         56          0          0         16       4997   paramaters.o
      4256       1236          0          0          0       9761   pbuf.o
       588        134          0          4          0       3549   raw.o
       536          6          0          4          0       2796   rtc.o
      7256        666         64          8         96      18470   sockets.o
       824         54          0          8          0      12933   spi.o
        64         26        392          0       1536        844   startup_stm32f40_41xxx.o
       476         54          0          0          0       3488   stm32f4_flash.o
      3648         96          0         16         12      20122   stm32f4x7_eth.o
      2544         38          0          0          0       8324   stm32f4xx_can.o
       936         32          0          0          0       6577   stm32f4xx_dma.o
       272         10          0          0          0       2467   stm32f4xx_exti.o
      1684         28          0          0          0       9598   stm32f4xx_flash.o
       660         44          0          0          0       4337   stm32f4xx_gpio.o
        20          0          0          0          0        967   stm32f4xx_it.o
       364         12          0          0          0       3867   stm32f4xx_pwr.o
      1628         52          0         16          0      13264   stm32f4xx_rcc.o
      3432         44          0          0          0      15612   stm32f4xx_rtc.o
      1152         36          0          0          0       7089   stm32f4xx_spi.o
       148         12          0          0          0       1921   stm32f4xx_syscfg.o
      3234         60          0          0          0      23192   stm32f4xx_tim.o
      1108         34          0          0          0       8064   stm32f4xx_usart.o
       988        164          4          0          0       6694   sys_arch.o
       528         46          0         20          0       1835   system_stm32f4xx.o
      5260       1092        189         36          0      22295   tcp.o
      6264        964          0         32         20      15275   tcp_in.o
      4934        954         85          0          0      10123   tcp_out.o
       952        194          0         12          0      10292   tcpip.o
       136         14          0          0          0        844   timer.o
       816        186          0          8          0       3739   timers.o
      1512        202          0          8          0      14593   udp.o
      6784        454          0         94      18932      48836   udp_server.o
       324         16          0          6        200       3366   usart.o
      3132       1290         40         28          0       4402   usmart.o
         0          0        263        292          0       1652   usmart_config.o
      1320         12          0          0          0       5385   usmart_str.o

    ----------------------------------------------------------------------
    120448      16314       1876       1404    1033608     968156   Object Totals
         0          0         32          0          0          0   (incl. Generated)
         6          0          7         15          6          0   (incl. Padding)

    ----------------------------------------------------------------------

      Code (inc. data)   RO Data    RW Data    ZI Data      Debug   Library Member Name

        90          0          0          0          0          0   __dczerorl2.o
         8          0          0          0          0         68   __main.o
       392          4         17          0          0         92   __printf_flags_ss_wp.o
        14          0          0          0          0         68   __printf_wp.o
         0          0          0          0          0          0   __rtentry.o
        12          0          0          0          0          0   __rtentry2.o
         6          0          0          0          0          0   __rtentry4.o
        52          8          0          0          0          0   __scatter.o
        28          0          0          0          0          0   __scatter_zi.o
        28          0          0          0          0         68   _chval.o
         6          0          0          0          0          0   _printf_c.o
        44          0          0          0          0        108   _printf_char.o
        48          6          0          0          0         96   _printf_char_common.o
        36          4          0          0          0         80   _printf_char_file.o
         6          0          0          0          0          0   _printf_d.o
       120         16          0          0          0         92   _printf_dec.o
        88          4         40          0          0         88   _printf_hex_int.o
       178          0          0          0          0         88   _printf_intcommon.o
        78          0          0          0          0        108   _printf_pad.o
         0          0          0          0          0          0   _printf_percent.o
         4          0          0          0          0          0   _printf_percent_end.o
         6          0          0          0          0          0   _printf_s.o
        82          0          0          0          0         80   _printf_str.o
         6          0          0          0          0          0   _printf_u.o
         6          0          0          0          0          0   _printf_x.o
       158          0          0          0          0         92   _strtoul.o
        26          0          0          0          0         80   atoi.o
        18          0          0          0          0         80   exit.o
         8          0          0          0          0         68   ferror.o
         6          0          0          0          0        152   heapauxi.o
        44         10        272          0          0         76   lc_ctype_c.o
         2          0          0          0          0          0   libinit.o
        24          0          0          0          0          0   libinit2.o
         2          0          0          0          0          0   libshutdown.o
         2          0          0          0          0          0   libshutdown2.o
         8          4          0          0         96         68   libspace.o
        88          0          0          0          0         76   memcmp.o
        24          4          0          0          0         84   noretval__2printf.o
        16          4          0          0          0         76   rt_ctype_table.o
         8          4          0          0          0         68   rt_errno_addr_intlibspace.o
         8          4          0          0          0         68   rt_locale_intlibspace.o
        68          0          0          0          0         68   rt_memclr.o
        78          0          0          0          0         80   rt_memclr_w.o
       138          0          0          0          0         68   rt_memcpy_v6.o
       100          0          0          0          0         80   rt_memcpy_w.o
         2          0          0          0          0          0   rtexit.o
        10          0          0          0          0          0   rtexit2.o
       128          0          0          0          0         68   strcmpv7m.o
        72          0          0          0          0         80   strcpy.o
        62          0          0          0          0         76   strlen.o
       112          0          0          0          0         88   strtol.o
        74          0          0          0          0         80   sys_stackheap_outer.o
         2          0          0          0          0         68   use_no_semi.o
         2          0          0          0          0         68   use_no_semi_2.o
        10          0          0          0          0        116   fpinit.o

    ----------------------------------------------------------------------
      2648         72        332          0        100       2964   Library Totals
        10          0          3          0          4          0   (incl. Padding)

    ----------------------------------------------------------------------

      Code (inc. data)   RO Data    RW Data    ZI Data      Debug   Library Name

      2628         72        329          0         96       2848   c_w.l
        10          0          0          0          0        116   fz_wm.l

    ----------------------------------------------------------------------
      2648         72        332          0        100       2964   Library Totals

    ----------------------------------------------------------------------

==============================================================================


      Code (inc. data)   RO Data    RW Data    ZI Data      Debug   

    123096      16386       2208       1404    1033708     954208   Grand Totals
    123096      16386       2208        372    1033708     954208   ELF Image Totals (compressed)
    123096      16386       2208        372          0          0   ROM Totals

==============================================================================

    Total RO  Size (Code + RO Data)               125304 ( 122.37kB)
    Total RW  Size (RW Data + ZI Data)           1035112 (1010.85kB)
    Total ROM Size (Code + RO Data + RW Data)     125676 ( 122.73kB)

==============================================================================

